Archive member included because of file (symbol)

/opt/cross/avr/lib/gcc/avr/4.3.3/avr5/libgcc.a(_mulsi3.o)
                              main.o (__mulsi3)
/opt/cross/avr/lib/gcc/avr/4.3.3/avr5/libgcc.a(_udivmodhi4.o)
                              BCD.o (__udivmodhi4)
/opt/cross/avr/lib/gcc/avr/4.3.3/avr5/libgcc.a(_udivmodsi4.o)
                              fat.o (__udivmodsi4)
/opt/cross/avr/lib/gcc/avr/4.3.3/avr5/libgcc.a(_exit.o)
                              /opt/cross/avr/lib/gcc/avr/4.3.3/../../../../avr/lib/avr5/crtm169.o (exit)
/opt/cross/avr/lib/gcc/avr/4.3.3/avr5/libgcc.a(_copy_data.o)
                              main.o (__do_copy_data)
/opt/cross/avr/lib/gcc/avr/4.3.3/avr5/libgcc.a(_clear_bss.o)
                              main.o (__do_clear_bss)
/opt/cross/avr/lib/gcc/avr/4.3.3/../../../../avr/lib/avr5/libc.a(strcpy.o)
                              file.o (strcpy)
/opt/cross/avr/lib/gcc/avr/4.3.3/../../../../avr/lib/avr5/libc.a(strncmp.o)
                              fat.o (strncmp)
/opt/cross/avr/lib/gcc/avr/4.3.3/../../../../avr/lib/avr5/libc.a(sprintf.o)
                              main.o (sprintf)
/opt/cross/avr/lib/gcc/avr/4.3.3/../../../../avr/lib/avr5/libc.a(vfprintf_std.o)
                              /opt/cross/avr/lib/gcc/avr/4.3.3/../../../../avr/lib/avr5/libc.a(sprintf.o) (vfprintf)
/opt/cross/avr/lib/gcc/avr/4.3.3/../../../../avr/lib/avr5/libc.a(strnlen_P.o)
                              /opt/cross/avr/lib/gcc/avr/4.3.3/../../../../avr/lib/avr5/libc.a(vfprintf_std.o) (strnlen_P)
/opt/cross/avr/lib/gcc/avr/4.3.3/../../../../avr/lib/avr5/libc.a(strnlen.o)
                              /opt/cross/avr/lib/gcc/avr/4.3.3/../../../../avr/lib/avr5/libc.a(vfprintf_std.o) (strnlen)
/opt/cross/avr/lib/gcc/avr/4.3.3/../../../../avr/lib/avr5/libc.a(fputc.o)
                              /opt/cross/avr/lib/gcc/avr/4.3.3/../../../../avr/lib/avr5/libc.a(vfprintf_std.o) (fputc)
/opt/cross/avr/lib/gcc/avr/4.3.3/../../../../avr/lib/avr5/libc.a(ultoa_invert.o)
                              /opt/cross/avr/lib/gcc/avr/4.3.3/../../../../avr/lib/avr5/libc.a(vfprintf_std.o) (__ultoa_invert)
/opt/cross/avr/lib/gcc/avr/4.3.3/avr5/libgcc.a(_prologue.o)
                              /opt/cross/avr/lib/gcc/avr/4.3.3/../../../../avr/lib/avr5/libc.a(sprintf.o) (__prologue_saves__)
/opt/cross/avr/lib/gcc/avr/4.3.3/avr5/libgcc.a(_epilogue.o)
                              /opt/cross/avr/lib/gcc/avr/4.3.3/../../../../avr/lib/avr5/libc.a(sprintf.o) (__epilogue_restores__)

Allocating common symbols
Common symbol       size              file

gScrollMode         0x1               LCD_driver.o
fat                 0x21f             fat.o
pt                  0x2               main.o
state               0x1               main.o
file                0x1f              fat.o
LCD_Data            0x14              LCD_driver.o
gTextBuffer         0x20              LCD_driver.o
gScroll             0x1               LCD_driver.o

Memory Configuration

Name             Origin             Length             Attributes
text             0x00000000         0x00020000         xr
data             0x00800060         0x0000ffa0         rw !x
eeprom           0x00810000         0x00010000         rw !x
fuse             0x00820000         0x00000400         rw !x
lock             0x00830000         0x00000400         rw !x
signature        0x00840000         0x00000400         rw !x
*default*        0x00000000         0xffffffff

Linker script and memory map

Address of section .data set to 0x800100
LOAD /opt/cross/avr/lib/gcc/avr/4.3.3/../../../../avr/lib/avr5/crtm169.o
Address of section .bootldrinfo set to 0x37f8
LOAD /opt/cross/avr/lib/gcc/avr/4.3.3/../../../../avr/lib/avr5/libm.a
LOAD main.o
LOAD speed.o
LOAD led.o
LOAD rtc.o
LOAD file.o
LOAD fat.o
LOAD mmc.o
LOAD usart.o
LOAD LCD_functions.o
LOAD LCD_driver.o
LOAD BCD.o
LOAD ADC.o
LOAD /opt/cross/avr/lib/gcc/avr/4.3.3/avr5/libgcc.a
LOAD /opt/cross/avr/lib/gcc/avr/4.3.3/../../../../avr/lib/avr5/libc.a
LOAD /opt/cross/avr/lib/gcc/avr/4.3.3/avr5/libgcc.a

.hash
 *(.hash)

.dynsym
 *(.dynsym)

.dynstr
 *(.dynstr)

.gnu.version
 *(.gnu.version)

.gnu.version_d
 *(.gnu.version_d)

.gnu.version_r
 *(.gnu.version_r)

.rel.init
 *(.rel.init)

.rela.init
 *(.rela.init)

.rel.text
 *(.rel.text)
 *(.rel.text.*)
 *(.rel.gnu.linkonce.t*)

.rela.text
 *(.rela.text)
 *(.rela.text.*)
 *(.rela.gnu.linkonce.t*)

.rel.fini
 *(.rel.fini)

.rela.fini
 *(.rela.fini)

.rel.rodata
 *(.rel.rodata)
 *(.rel.rodata.*)
 *(.rel.gnu.linkonce.r*)

.rela.rodata
 *(.rela.rodata)
 *(.rela.rodata.*)
 *(.rela.gnu.linkonce.r*)

.rel.data
 *(.rel.data)
 *(.rel.data.*)
 *(.rel.gnu.linkonce.d*)

.rela.data
 *(.rela.data)
 *(.rela.data.*)
 *(.rela.gnu.linkonce.d*)

.rel.ctors
 *(.rel.ctors)

.rela.ctors
 *(.rela.ctors)

.rel.dtors
 *(.rel.dtors)

.rela.dtors
 *(.rela.dtors)

.rel.got
 *(.rel.got)

.rela.got
 *(.rela.got)

.rel.bss
 *(.rel.bss)

.rela.bss
 *(.rela.bss)

.rel.plt
 *(.rel.plt)

.rela.plt
 *(.rela.plt)

.text           0x00000000     0x3206
 *(.vectors)
 .vectors       0x00000000       0x5c /opt/cross/avr/lib/gcc/avr/4.3.3/../../../../avr/lib/avr5/crtm169.o
                0x00000000                __vectors
                0x00000000                __vector_default
 *(.vectors)
 *(.progmem.gcc*)
 *(.progmem*)
 .progmem.data  0x0000005c       0x6c LCD_driver.o
                0x0000005c                LCD_character_table
 .progmem.data  0x000000c8      0x230 ADC.o
                0x000000c8                TEMP_Celsius_pos
                0x00000160                TEMP_Fahrenheit_pos
                0x000002a4                LIGHT_VOLTAGE
                0x00000142                TEMP_Celsius_neg
                0x0000027a                LIGHT_ADC
                0x000002f8                . = ALIGN (0x2)
                0x000002f8                __trampolines_start = .
 *(.trampolines)
 .trampolines   0x000002f8        0x0 linker stubs
 *(.trampolines*)
                0x000002f8                __trampolines_end = .
 *(.jumptables)
 *(.jumptables*)
 *(.lowtext)
 *(.lowtext*)
                0x000002f8                __ctors_start = .
 *(.ctors)
                0x000002f8                __ctors_end = .
                0x000002f8                __dtors_start = .
 *(.dtors)
                0x000002f8                __dtors_end = .
 SORT(*)(.ctors)
 SORT(*)(.dtors)
 *(.init0)
 .init0         0x000002f8        0x0 /opt/cross/avr/lib/gcc/avr/4.3.3/../../../../avr/lib/avr5/crtm169.o
                0x000002f8                __init
 *(.init0)
 *(.init1)
 *(.init1)
 *(.init2)
 .init2         0x000002f8        0xc /opt/cross/avr/lib/gcc/avr/4.3.3/../../../../avr/lib/avr5/crtm169.o
 *(.init2)
 *(.init3)
 *(.init3)
 *(.init4)
 .init4         0x00000304       0x16 /opt/cross/avr/lib/gcc/avr/4.3.3/avr5/libgcc.a(_copy_data.o)
                0x00000304                __do_copy_data
 .init4         0x0000031a       0x10 /opt/cross/avr/lib/gcc/avr/4.3.3/avr5/libgcc.a(_clear_bss.o)
                0x0000031a                __do_clear_bss
 *(.init4)
 *(.init5)
 *(.init5)
 *(.init6)
 *(.init6)
 *(.init7)
 *(.init7)
 *(.init8)
 *(.init8)
 *(.init9)
 .init9         0x0000032a        0x8 /opt/cross/avr/lib/gcc/avr/4.3.3/../../../../avr/lib/avr5/crtm169.o
 *(.init9)
 *(.text)
 .text          0x00000332        0x4 /opt/cross/avr/lib/gcc/avr/4.3.3/../../../../avr/lib/avr5/crtm169.o
                0x00000332                __vector_1
                0x00000332                __vector_12
                0x00000332                __bad_interrupt
                0x00000332                __vector_6
                0x00000332                __vector_3
                0x00000332                __vector_11
                0x00000332                __vector_13
                0x00000332                __vector_17
                0x00000332                __vector_19
                0x00000332                __vector_7
                0x00000332                __vector_4
                0x00000332                __vector_9
                0x00000332                __vector_21
                0x00000332                __vector_15
                0x00000332                __vector_8
                0x00000332                __vector_14
                0x00000332                __vector_10
                0x00000332                __vector_16
                0x00000332                __vector_18
                0x00000332                __vector_20
 .text          0x00000336      0x3e4 main.o
                0x00000336                disable_jtag
                0x0000034a                main
 .text          0x0000071a       0xca speed.o
                0x00000740                __vector_2
                0x0000071a                speed_init
 .text          0x000007e4       0x5a led.o
                0x000007ec                debug
                0x0000081c                red_off
                0x00000828                lights_on
                0x00000820                yellow_on
                0x00000814                green_off
                0x00000824                yellow_off
                0x00000810                green_on
                0x000007e4                led_init
                0x00000818                red_on
 .text          0x0000083e      0x128 rtc.o
                0x0000083e                rtc_init
                0x00000888                __vector_5
 .text          0x00000966      0x5d8 file.o
                0x00000aa8                ffwrites
                0x00000acc                ffread
                0x00000cae                ffclose
                0x00000966                ffwrite
                0x00000b7e                ffseek
                0x00000e46                ffopen
 .text          0x00000f3e      0xf36 fat.o
                0x00001388                fat_loadSector
                0x00001b60                fat_getFreeRowOfDir
                0x000017f6                fat_loadFileDataFromDir
                0x00000ffa                fat_loadRowOfSector
                0x00001102                fat_loadFatData
                0x00000f3e                fat_clustToSec
                0x000013f0                fat_setCluster
                0x00000f92                fat_secToClust
                0x00001d62                fat_makeFileEntry
                0x00001066                fat_makeRowDataEntry
                0x000014f4                fat_getNextCluster
                0x000016e6                fat_getFatChainClustersInRow
                0x000019f8                fat_writeSector
                0x00001a9e                fat_setClusterChain
                0x000015dc                fat_getFreeClustersInRow
                0x00001a06                fat_delClusterChain
 .text          0x00001e74      0x416 mmc.o
                0x000021b0                mmc_read_sector
                0x00001ee0                mmc_init
                0x000020b8                mmc_write_sector
 .text          0x0000228a       0xc6 usart.o
                0x000022d6                usart_9600_8mhz
                0x000022ba                usart_9600_1mhz
                0x00002316                uart_getchar
                0x0000228a                uart_init
                0x0000229e                usart_9600_7mhz
                0x000022f2                uart_putchar
 .text          0x00002350      0x132 LCD_functions.o
                0x0000244c                LCD_Clear
                0x00002350                LCD_puts_f
                0x0000245e                LCD_Colon
                0x0000247c                LCD_FlashReset
                0x000023d2                LCD_puts
                0x00002464                LCD_UpdateRequired
                0x0000243c                LCD_putc
 .text          0x00002482      0x24c LCD_driver.o
                0x0000254c                __vector_22
                0x000024b8                LCD_WriteDigit
                0x00002482                LCD_Init
                0x00002538                LCD_AllSegments
 .text          0x000026ce      0x254 BCD.o
                0x00002892                int2BCD5
                0x000026ce                convertBCD
                0x00002794                CHAR2BCD2
                0x00002804                CHAR2BCD3
 .text          0x00002922      0x25c ADC.o
                0x00002a6c                ADC_periphery
                0x00002994                ADC_init
                0x00002a3c                LightFunc
                0x00002922                ADC_read
                0x00002a0c                VoltageFunc
                0x000029a4                TemperatureFunc
 .text          0x00002b7e        0x0 /opt/cross/avr/lib/gcc/avr/4.3.3/avr5/libgcc.a(_mulsi3.o)
 .text          0x00002b7e        0x0 /opt/cross/avr/lib/gcc/avr/4.3.3/avr5/libgcc.a(_udivmodhi4.o)
 .text          0x00002b7e        0x0 /opt/cross/avr/lib/gcc/avr/4.3.3/avr5/libgcc.a(_udivmodsi4.o)
 .text          0x00002b7e        0x0 /opt/cross/avr/lib/gcc/avr/4.3.3/avr5/libgcc.a(_exit.o)
 .text          0x00002b7e        0x0 /opt/cross/avr/lib/gcc/avr/4.3.3/avr5/libgcc.a(_copy_data.o)
 .text          0x00002b7e        0x0 /opt/cross/avr/lib/gcc/avr/4.3.3/avr5/libgcc.a(_clear_bss.o)
 .text          0x00002b7e        0x0 /opt/cross/avr/lib/gcc/avr/4.3.3/../../../../avr/lib/avr5/libc.a(strcpy.o)
 .text          0x00002b7e        0x0 /opt/cross/avr/lib/gcc/avr/4.3.3/../../../../avr/lib/avr5/libc.a(strncmp.o)
 .text          0x00002b7e        0x0 /opt/cross/avr/lib/gcc/avr/4.3.3/../../../../avr/lib/avr5/libc.a(sprintf.o)
 .text          0x00002b7e        0x0 /opt/cross/avr/lib/gcc/avr/4.3.3/../../../../avr/lib/avr5/libc.a(vfprintf_std.o)
 .text          0x00002b7e        0x0 /opt/cross/avr/lib/gcc/avr/4.3.3/../../../../avr/lib/avr5/libc.a(strnlen_P.o)
 .text          0x00002b7e        0x0 /opt/cross/avr/lib/gcc/avr/4.3.3/../../../../avr/lib/avr5/libc.a(strnlen.o)
 .text          0x00002b7e        0x0 /opt/cross/avr/lib/gcc/avr/4.3.3/../../../../avr/lib/avr5/libc.a(fputc.o)
 .text          0x00002b7e        0x0 /opt/cross/avr/lib/gcc/avr/4.3.3/../../../../avr/lib/avr5/libc.a(ultoa_invert.o)
 .text          0x00002b7e        0x0 /opt/cross/avr/lib/gcc/avr/4.3.3/avr5/libgcc.a(_prologue.o)
 .text          0x00002b7e        0x0 /opt/cross/avr/lib/gcc/avr/4.3.3/avr5/libgcc.a(_epilogue.o)
                0x00002b7e                . = ALIGN (0x2)
 *(.text.*)
 .text.libgcc   0x00002b7e       0x3e /opt/cross/avr/lib/gcc/avr/4.3.3/avr5/libgcc.a(_mulsi3.o)
                0x00002b7e                __mulsi3
 .text.libgcc   0x00002bbc       0x28 /opt/cross/avr/lib/gcc/avr/4.3.3/avr5/libgcc.a(_udivmodhi4.o)
                0x00002bbc                __udivmodhi4
 .text.libgcc   0x00002be4       0x44 /opt/cross/avr/lib/gcc/avr/4.3.3/avr5/libgcc.a(_udivmodsi4.o)
                0x00002be4                __udivmodsi4
 .text.libgcc   0x00002c28        0x0 /opt/cross/avr/lib/gcc/avr/4.3.3/avr5/libgcc.a(_exit.o)
 .text.libgcc   0x00002c28        0x0 /opt/cross/avr/lib/gcc/avr/4.3.3/avr5/libgcc.a(_copy_data.o)
 .text.libgcc   0x00002c28        0x0 /opt/cross/avr/lib/gcc/avr/4.3.3/avr5/libgcc.a(_clear_bss.o)
 .text.avr-libc
                0x00002c28        0xe /opt/cross/avr/lib/gcc/avr/4.3.3/../../../../avr/lib/avr5/libc.a(strcpy.o)
                0x00002c28                strcpy
 .text.avr-libc
                0x00002c36       0x1c /opt/cross/avr/lib/gcc/avr/4.3.3/../../../../avr/lib/avr5/libc.a(strncmp.o)
                0x00002c36                strncmp
 .text.avr-libc
                0x00002c52       0x48 /opt/cross/avr/lib/gcc/avr/4.3.3/../../../../avr/lib/avr5/libc.a(sprintf.o)
                0x00002c52                sprintf
 .text.avr-libc
                0x00002c9a      0x3ba /opt/cross/avr/lib/gcc/avr/4.3.3/../../../../avr/lib/avr5/libc.a(vfprintf_std.o)
                0x00002c9a                vfprintf
 .text.avr-libc
                0x00003054       0x16 /opt/cross/avr/lib/gcc/avr/4.3.3/../../../../avr/lib/avr5/libc.a(strnlen_P.o)
                0x00003054                strnlen_P
 .text.avr-libc
                0x0000306a       0x16 /opt/cross/avr/lib/gcc/avr/4.3.3/../../../../avr/lib/avr5/libc.a(strnlen.o)
                0x0000306a                strnlen
 .text.avr-libc
                0x00003080       0x58 /opt/cross/avr/lib/gcc/avr/4.3.3/../../../../avr/lib/avr5/libc.a(fputc.o)
                0x00003080                fputc
 .text.avr-libc
                0x000030d8       0xbc /opt/cross/avr/lib/gcc/avr/4.3.3/../../../../avr/lib/avr5/libc.a(ultoa_invert.o)
                0x000030d8                __ultoa_invert
 .text.libgcc   0x00003194       0x38 /opt/cross/avr/lib/gcc/avr/4.3.3/avr5/libgcc.a(_prologue.o)
                0x00003194                __prologue_saves__
 .text.libgcc   0x000031cc       0x36 /opt/cross/avr/lib/gcc/avr/4.3.3/avr5/libgcc.a(_epilogue.o)
                0x000031cc                __epilogue_restores__
                0x00003202                . = ALIGN (0x2)
 *(.fini9)
 .fini9         0x00003202        0x0 /opt/cross/avr/lib/gcc/avr/4.3.3/avr5/libgcc.a(_exit.o)
                0x00003202                exit
                0x00003202                _exit
 *(.fini9)
 *(.fini8)
 *(.fini8)
 *(.fini7)
 *(.fini7)
 *(.fini6)
 *(.fini6)
 *(.fini5)
 *(.fini5)
 *(.fini4)
 *(.fini4)
 *(.fini3)
 *(.fini3)
 *(.fini2)
 *(.fini2)
 *(.fini1)
 *(.fini1)
 *(.fini0)
 .fini0         0x00003202        0x4 /opt/cross/avr/lib/gcc/avr/4.3.3/avr5/libgcc.a(_exit.o)
 *(.fini0)
                0x00003206                _etext = .

.data           0x00800100       0x72 load address 0x00003206
                0x00800100                PROVIDE (__data_start, .)
 *(.data)
 .data          0x00800100        0x0 /opt/cross/avr/lib/gcc/avr/4.3.3/../../../../avr/lib/avr5/crtm169.o
 .data          0x00800100       0x4e main.o
                0x00800141                config_file
                0x00800134                data_log_file
 .data          0x0080014e        0x0 speed.o
 .data          0x0080014e        0x0 led.o
 .data          0x0080014e        0x0 rtc.o
 .data          0x0080014e        0x0 file.o
 .data          0x0080014e        0x0 fat.o
 .data          0x0080014e       0x12 mmc.o
 .data          0x00800160        0x0 usart.o
 .data          0x00800160        0x1 LCD_functions.o
                0x00800160                CONTRAST
 .data          0x00800161        0x1 LCD_driver.o
 .data          0x00800162        0x8 BCD.o
                0x00800162                unit
 .data          0x0080016a        0x8 ADC.o
                0x0080016a                Vref
                0x0080016e                degree
 .data          0x00800172        0x0 /opt/cross/avr/lib/gcc/avr/4.3.3/avr5/libgcc.a(_mulsi3.o)
 .data          0x00800172        0x0 /opt/cross/avr/lib/gcc/avr/4.3.3/avr5/libgcc.a(_udivmodhi4.o)
 .data          0x00800172        0x0 /opt/cross/avr/lib/gcc/avr/4.3.3/avr5/libgcc.a(_udivmodsi4.o)
 .data          0x00800172        0x0 /opt/cross/avr/lib/gcc/avr/4.3.3/avr5/libgcc.a(_exit.o)
 .data          0x00800172        0x0 /opt/cross/avr/lib/gcc/avr/4.3.3/avr5/libgcc.a(_copy_data.o)
 .data          0x00800172        0x0 /opt/cross/avr/lib/gcc/avr/4.3.3/avr5/libgcc.a(_clear_bss.o)
 .data          0x00800172        0x0 /opt/cross/avr/lib/gcc/avr/4.3.3/../../../../avr/lib/avr5/libc.a(strcpy.o)
 .data          0x00800172        0x0 /opt/cross/avr/lib/gcc/avr/4.3.3/../../../../avr/lib/avr5/libc.a(strncmp.o)
 .data          0x00800172        0x0 /opt/cross/avr/lib/gcc/avr/4.3.3/../../../../avr/lib/avr5/libc.a(sprintf.o)
 .data          0x00800172        0x0 /opt/cross/avr/lib/gcc/avr/4.3.3/../../../../avr/lib/avr5/libc.a(vfprintf_std.o)
 .data          0x00800172        0x0 /opt/cross/avr/lib/gcc/avr/4.3.3/../../../../avr/lib/avr5/libc.a(strnlen_P.o)
 .data          0x00800172        0x0 /opt/cross/avr/lib/gcc/avr/4.3.3/../../../../avr/lib/avr5/libc.a(strnlen.o)
 .data          0x00800172        0x0 /opt/cross/avr/lib/gcc/avr/4.3.3/../../../../avr/lib/avr5/libc.a(fputc.o)
 .data          0x00800172        0x0 /opt/cross/avr/lib/gcc/avr/4.3.3/../../../../avr/lib/avr5/libc.a(ultoa_invert.o)
 .data          0x00800172        0x0 /opt/cross/avr/lib/gcc/avr/4.3.3/avr5/libgcc.a(_prologue.o)
 .data          0x00800172        0x0 /opt/cross/avr/lib/gcc/avr/4.3.3/avr5/libgcc.a(_epilogue.o)
 *(.data*)
 *(.rodata)
 *(.rodata*)
 *(.gnu.linkonce.d*)
                0x00800172                . = ALIGN (0x2)
                0x00800172                _edata = .
                0x00800172                PROVIDE (__data_end, .)

.bss            0x00800172      0x293
                0x00800172                PROVIDE (__bss_start, .)
 *(.bss)
 .bss           0x00800172        0x0 /opt/cross/avr/lib/gcc/avr/4.3.3/../../../../avr/lib/avr5/crtm169.o
 .bss           0x00800172        0x3 main.o
                0x00800172                real_log_interval
                0x00800174                gAutoPressJoystick
 .bss           0x00800175        0xf speed.o
                0x0080017b                ppi0
                0x00800179                last1
                0x00800178                last0
                0x00800175                counter0
                0x00800176                counter1
                0x0080017a                last2
                0x0080017d                ppi1
                0x0080017f                ppi2
                0x00800177                counter2
 .bss           0x00800184        0x0 led.o
 .bss           0x00800184        0x5 rtc.o
                0x00800184                seconds
                0x00800188                silence
 .bss           0x00800189        0x0 file.o
 .bss           0x00800189        0x0 fat.o
 .bss           0x00800189        0x1 mmc.o
                0x00800189                card_type
 .bss           0x0080018a        0x0 usart.o
 .bss           0x0080018a        0x0 LCD_functions.o
 .bss           0x0080018a        0x4 LCD_driver.o
                0x0080018a                gLCD_Update_Required
                0x0080018d                gColon
                0x0080018c                gFlashTimer
                0x0080018b                gLCD_Start_Scroll_Timer
 .bss           0x0080018e        0x0 BCD.o
 .bss           0x0080018e        0x0 ADC.o
 .bss           0x0080018e        0x0 /opt/cross/avr/lib/gcc/avr/4.3.3/avr5/libgcc.a(_mulsi3.o)
 .bss           0x0080018e        0x0 /opt/cross/avr/lib/gcc/avr/4.3.3/avr5/libgcc.a(_udivmodhi4.o)
 .bss           0x0080018e        0x0 /opt/cross/avr/lib/gcc/avr/4.3.3/avr5/libgcc.a(_udivmodsi4.o)
 .bss           0x0080018e        0x0 /opt/cross/avr/lib/gcc/avr/4.3.3/avr5/libgcc.a(_exit.o)
 .bss           0x0080018e        0x0 /opt/cross/avr/lib/gcc/avr/4.3.3/avr5/libgcc.a(_copy_data.o)
 .bss           0x0080018e        0x0 /opt/cross/avr/lib/gcc/avr/4.3.3/avr5/libgcc.a(_clear_bss.o)
 .bss           0x0080018e        0x0 /opt/cross/avr/lib/gcc/avr/4.3.3/../../../../avr/lib/avr5/libc.a(strcpy.o)
 .bss           0x0080018e        0x0 /opt/cross/avr/lib/gcc/avr/4.3.3/../../../../avr/lib/avr5/libc.a(strncmp.o)
 .bss           0x0080018e        0x0 /opt/cross/avr/lib/gcc/avr/4.3.3/../../../../avr/lib/avr5/libc.a(sprintf.o)
 .bss           0x0080018e        0x0 /opt/cross/avr/lib/gcc/avr/4.3.3/../../../../avr/lib/avr5/libc.a(vfprintf_std.o)
 .bss           0x0080018e        0x0 /opt/cross/avr/lib/gcc/avr/4.3.3/../../../../avr/lib/avr5/libc.a(strnlen_P.o)
 .bss           0x0080018e        0x0 /opt/cross/avr/lib/gcc/avr/4.3.3/../../../../avr/lib/avr5/libc.a(strnlen.o)
 .bss           0x0080018e        0x0 /opt/cross/avr/lib/gcc/avr/4.3.3/../../../../avr/lib/avr5/libc.a(fputc.o)
 .bss           0x0080018e        0x0 /opt/cross/avr/lib/gcc/avr/4.3.3/../../../../avr/lib/avr5/libc.a(ultoa_invert.o)
 .bss           0x0080018e        0x0 /opt/cross/avr/lib/gcc/avr/4.3.3/avr5/libgcc.a(_prologue.o)
 .bss           0x0080018e        0x0 /opt/cross/avr/lib/gcc/avr/4.3.3/avr5/libgcc.a(_epilogue.o)
 *(.bss*)
 *(COMMON)
 COMMON         0x0080018e        0x3 main.o
                0x0080018e                pt
                0x00800190                state
 COMMON         0x00800191      0x23e fat.o
                0x00800191                fat
                0x008003b0                file
 COMMON         0x008003cf       0x36 LCD_driver.o
                0x008003cf                gScrollMode
                0x008003d0                LCD_Data
                0x008003e4                gTextBuffer
                0x00800404                gScroll
                0x00800405                PROVIDE (__bss_end, .)
                0x00003206                __data_load_start = LOADADDR (.data)
                0x00003278                __data_load_end = (__data_load_start + SIZEOF (.data))

.noinit         0x00800405        0x0
                0x00800405                PROVIDE (__noinit_start, .)
 *(.noinit*)
                0x00800405                PROVIDE (__noinit_end, .)
                0x00800405                _end = .
                0x00800405                PROVIDE (__heap_start, .)

.eeprom         0x00810000        0x0
 *(.eeprom*)
                0x00810000                __eeprom_end = .

.fuse
 *(.fuse)
 *(.lfuse)
 *(.hfuse)
 *(.efuse)

.lock
 *(.lock*)

.signature
 *(.signature*)

.stab           0x00000000      0xdb0
 *(.stab)
 .stab          0x00000000      0x6cc /opt/cross/avr/lib/gcc/avr/4.3.3/../../../../avr/lib/avr5/crtm169.o
 .stab          0x000006cc       0x6c /opt/cross/avr/lib/gcc/avr/4.3.3/../../../../avr/lib/avr5/libc.a(strcpy.o)
                                 0x78 (size before relaxing)
 .stab          0x00000738       0xc0 /opt/cross/avr/lib/gcc/avr/4.3.3/../../../../avr/lib/avr5/libc.a(strncmp.o)
                                 0xcc (size before relaxing)
 .stab          0x000007f8       0x9c /opt/cross/avr/lib/gcc/avr/4.3.3/../../../../avr/lib/avr5/libc.a(strnlen_P.o)
                                 0xa8 (size before relaxing)
 .stab          0x00000894       0x9c /opt/cross/avr/lib/gcc/avr/4.3.3/../../../../avr/lib/avr5/libc.a(strnlen.o)
                                 0xa8 (size before relaxing)
 .stab          0x00000930      0x480 /opt/cross/avr/lib/gcc/avr/4.3.3/../../../../avr/lib/avr5/libc.a(ultoa_invert.o)
                                0x48c (size before relaxing)

.stabstr        0x00000000      0x146
 *(.stabstr)
 .stabstr       0x00000000      0x146 /opt/cross/avr/lib/gcc/avr/4.3.3/../../../../avr/lib/avr5/crtm169.o

.stab.excl
 *(.stab.excl)

.stab.exclstr
 *(.stab.exclstr)

.stab.index
 *(.stab.index)

.stab.indexstr
 *(.stab.indexstr)

.comment
 *(.comment)

.debug
 *(.debug)

.line
 *(.line)

.debug_srcinfo
 *(.debug_srcinfo)

.debug_sfnames
 *(.debug_sfnames)

.debug_aranges  0x00000000      0x1e0
 *(.debug_aranges)
 .debug_aranges
                0x00000000       0x20 main.o
 .debug_aranges
                0x00000020       0x20 speed.o
 .debug_aranges
                0x00000040       0x20 led.o
 .debug_aranges
                0x00000060       0x20 rtc.o
 .debug_aranges
                0x00000080       0x20 file.o
 .debug_aranges
                0x000000a0       0x20 fat.o
 .debug_aranges
                0x000000c0       0x20 mmc.o
 .debug_aranges
                0x000000e0       0x20 usart.o
 .debug_aranges
                0x00000100       0x20 LCD_functions.o
 .debug_aranges
                0x00000120       0x20 LCD_driver.o
 .debug_aranges
                0x00000140       0x20 BCD.o
 .debug_aranges
                0x00000160       0x20 ADC.o
 .debug_aranges
                0x00000180       0x20 /opt/cross/avr/lib/gcc/avr/4.3.3/../../../../avr/lib/avr5/libc.a(sprintf.o)
 .debug_aranges
                0x000001a0       0x20 /opt/cross/avr/lib/gcc/avr/4.3.3/../../../../avr/lib/avr5/libc.a(vfprintf_std.o)
 .debug_aranges
                0x000001c0       0x20 /opt/cross/avr/lib/gcc/avr/4.3.3/../../../../avr/lib/avr5/libc.a(fputc.o)

.debug_pubnames
                0x00000000      0x7e1
 *(.debug_pubnames)
 .debug_pubnames
                0x00000000       0x9d main.o
 .debug_pubnames
                0x0000009d       0x90 speed.o
 .debug_pubnames
                0x0000012d       0x86 led.o
 .debug_pubnames
                0x000001b3       0x46 rtc.o
 .debug_pubnames
                0x000001f9       0x5f file.o
 .debug_pubnames
                0x00000258      0x19e fat.o
 .debug_pubnames
                0x000003f6       0x56 mmc.o
 .debug_pubnames
                0x0000044c       0x7e usart.o
 .debug_pubnames
                0x000004ca       0x8e LCD_functions.o
 .debug_pubnames
                0x00000558       0xf7 LCD_driver.o
 .debug_pubnames
                0x0000064f       0x53 BCD.o
 .debug_pubnames
                0x000006a2       0xe6 ADC.o
 .debug_pubnames
                0x00000788       0x1e /opt/cross/avr/lib/gcc/avr/4.3.3/../../../../avr/lib/avr5/libc.a(sprintf.o)
 .debug_pubnames
                0x000007a6       0x1f /opt/cross/avr/lib/gcc/avr/4.3.3/../../../../avr/lib/avr5/libc.a(vfprintf_std.o)
 .debug_pubnames
                0x000007c5       0x1c /opt/cross/avr/lib/gcc/avr/4.3.3/../../../../avr/lib/avr5/libc.a(fputc.o)

.debug_info     0x00000000     0x2dd5
 *(.debug_info)
 .debug_info    0x00000000      0x517 main.o
 .debug_info    0x00000517      0x180 speed.o
 .debug_info    0x00000697      0x2a0 led.o
 .debug_info    0x00000937      0x163 rtc.o
 .debug_info    0x00000a9a      0x337 file.o
 .debug_info    0x00000dd1      0x861 fat.o
 .debug_info    0x00001632      0x439 mmc.o
 .debug_info    0x00001a6b      0x1ef usart.o
 .debug_info    0x00001c5a      0x2b4 LCD_functions.o
 .debug_info    0x00001f0e      0x2f3 LCD_driver.o
 .debug_info    0x00002201      0x1dc BCD.o
 .debug_info    0x000023dd      0x392 ADC.o
 .debug_info    0x0000276f      0x1b4 /opt/cross/avr/lib/gcc/avr/4.3.3/../../../../avr/lib/avr5/libc.a(sprintf.o)
 .debug_info    0x00002923      0x348 /opt/cross/avr/lib/gcc/avr/4.3.3/../../../../avr/lib/avr5/libc.a(vfprintf_std.o)
 .debug_info    0x00002c6b      0x16a /opt/cross/avr/lib/gcc/avr/4.3.3/../../../../avr/lib/avr5/libc.a(fputc.o)
 *(.gnu.linkonce.wi.*)

.debug_abbrev   0x00000000     0x13e5
 *(.debug_abbrev)
 .debug_abbrev  0x00000000      0x1ec main.o
 .debug_abbrev  0x000001ec       0x8a speed.o
 .debug_abbrev  0x00000276      0x116 led.o
 .debug_abbrev  0x0000038c       0x9b rtc.o
 .debug_abbrev  0x00000427      0x1a6 file.o
 .debug_abbrev  0x000005cd      0x2a1 fat.o
 .debug_abbrev  0x0000086e      0x1db mmc.o
 .debug_abbrev  0x00000a49      0x116 usart.o
 .debug_abbrev  0x00000b5f      0x11f LCD_functions.o
 .debug_abbrev  0x00000c7e      0x1a3 LCD_driver.o
 .debug_abbrev  0x00000e21      0x102 BCD.o
 .debug_abbrev  0x00000f23      0x146 ADC.o
 .debug_abbrev  0x00001069      0x10e /opt/cross/avr/lib/gcc/avr/4.3.3/../../../../avr/lib/avr5/libc.a(sprintf.o)
 .debug_abbrev  0x00001177      0x193 /opt/cross/avr/lib/gcc/avr/4.3.3/../../../../avr/lib/avr5/libc.a(vfprintf_std.o)
 .debug_abbrev  0x0000130a       0xdb /opt/cross/avr/lib/gcc/avr/4.3.3/../../../../avr/lib/avr5/libc.a(fputc.o)

.debug_line     0x00000000     0x2beb
 *(.debug_line)
 .debug_line    0x00000000      0x421 main.o
 .debug_line    0x00000421      0x19f speed.o
 .debug_line    0x000005c0      0x268 led.o
 .debug_line    0x00000828      0x172 rtc.o
 .debug_line    0x0000099a      0x30e file.o
 .debug_line    0x00000ca8      0x794 fat.o
 .debug_line    0x0000143c      0x540 mmc.o
 .debug_line    0x0000197c      0x1cc usart.o
 .debug_line    0x00001b48      0x279 LCD_functions.o
 .debug_line    0x00001dc1      0x2d0 LCD_driver.o
 .debug_line    0x00002091      0x188 BCD.o
 .debug_line    0x00002219      0x393 ADC.o
 .debug_line    0x000025ac      0x109 /opt/cross/avr/lib/gcc/avr/4.3.3/../../../../avr/lib/avr5/libc.a(sprintf.o)
 .debug_line    0x000026b5      0x45c /opt/cross/avr/lib/gcc/avr/4.3.3/../../../../avr/lib/avr5/libc.a(vfprintf_std.o)
 .debug_line    0x00002b11       0xda /opt/cross/avr/lib/gcc/avr/4.3.3/../../../../avr/lib/avr5/libc.a(fputc.o)

.debug_frame    0x00000000      0x580
 *(.debug_frame)
 .debug_frame   0x00000000       0x30 main.o
 .debug_frame   0x00000030       0x30 speed.o
 .debug_frame   0x00000060       0xa0 led.o
 .debug_frame   0x00000100       0x30 rtc.o
 .debug_frame   0x00000130       0x70 file.o
 .debug_frame   0x000001a0      0x130 fat.o
 .debug_frame   0x000002d0       0x50 mmc.o
 .debug_frame   0x00000320       0x70 usart.o
 .debug_frame   0x00000390       0x80 LCD_functions.o
 .debug_frame   0x00000410       0x50 LCD_driver.o
 .debug_frame   0x00000460       0x50 BCD.o
 .debug_frame   0x000004b0       0x70 ADC.o
 .debug_frame   0x00000520       0x20 /opt/cross/avr/lib/gcc/avr/4.3.3/../../../../avr/lib/avr5/libc.a(sprintf.o)
 .debug_frame   0x00000540       0x20 /opt/cross/avr/lib/gcc/avr/4.3.3/../../../../avr/lib/avr5/libc.a(vfprintf_std.o)
 .debug_frame   0x00000560       0x20 /opt/cross/avr/lib/gcc/avr/4.3.3/../../../../avr/lib/avr5/libc.a(fputc.o)

.debug_str      0x00000000      0xa3a
 *(.debug_str)
 .debug_str     0x00000000      0x1b8 main.o
                                0x20f (size before relaxing)
 .debug_str     0x000001b8       0x63 speed.o
                                0x112 (size before relaxing)
 .debug_str     0x0000021b       0x56 led.o
                                0x130 (size before relaxing)
 .debug_str     0x00000271       0x22 rtc.o
                                0x10f (size before relaxing)
 .debug_str     0x00000293       0xd4 file.o
                                0x1b8 (size before relaxing)
 .debug_str     0x00000367      0x212 fat.o
                                0x3a3 (size before relaxing)
 .debug_str     0x00000579       0x8c mmc.o
                                0x13a (size before relaxing)
 .debug_str     0x00000605       0x81 usart.o
                                0x11d (size before relaxing)
 .debug_str     0x00000686      0x114 LCD_functions.o
                                0x1b9 (size before relaxing)
 .debug_str     0x0000079a       0x7c LCD_driver.o
                                0x19c (size before relaxing)
 .debug_str     0x00000816       0x3e BCD.o
                                 0x90 (size before relaxing)
 .debug_str     0x00000854       0xe0 ADC.o
                                0x195 (size before relaxing)
 .debug_str     0x00000934       0x7b /opt/cross/avr/lib/gcc/avr/4.3.3/../../../../avr/lib/avr5/libc.a(sprintf.o)
                                0x121 (size before relaxing)
 .debug_str     0x000009af       0x69 /opt/cross/avr/lib/gcc/avr/4.3.3/../../../../avr/lib/avr5/libc.a(vfprintf_std.o)
                                0x16b (size before relaxing)
 .debug_str     0x00000a18       0x22 /opt/cross/avr/lib/gcc/avr/4.3.3/../../../../avr/lib/avr5/libc.a(fputc.o)
                                 0xfb (size before relaxing)

.debug_loc      0x00000000     0x1cf7
 *(.debug_loc)
 .debug_loc     0x00000000      0x2a8 main.o
 .debug_loc     0x000002a8       0x13 led.o
 .debug_loc     0x000002bb       0x13 rtc.o
 .debug_loc     0x000002ce      0x107 file.o
 .debug_loc     0x000003d5      0xa01 fat.o
 .debug_loc     0x00000dd6      0x1f3 mmc.o
 .debug_loc     0x00000fc9       0x8d usart.o
 .debug_loc     0x00001056      0x240 LCD_functions.o
 .debug_loc     0x00001296      0x19f LCD_driver.o
 .debug_loc     0x00001435      0x1ea BCD.o
 .debug_loc     0x0000161f      0x209 ADC.o
 .debug_loc     0x00001828       0x24 /opt/cross/avr/lib/gcc/avr/4.3.3/../../../../avr/lib/avr5/libc.a(sprintf.o)
 .debug_loc     0x0000184c      0x44b /opt/cross/avr/lib/gcc/avr/4.3.3/../../../../avr/lib/avr5/libc.a(vfprintf_std.o)
 .debug_loc     0x00001c97       0x60 /opt/cross/avr/lib/gcc/avr/4.3.3/../../../../avr/lib/avr5/libc.a(fputc.o)

.debug_macinfo
 *(.debug_macinfo)
OUTPUT(main.out elf32-avr)
LOAD linker stubs

.bootldrinfo    0x000037f8        0x8
 .bootldrinfo   0x000037f8        0x8 main.o
                0x000037f8                bootlodrinfo

.debug_ranges   0x00000000      0x240
 .debug_ranges  0x00000000       0xb0 main.o
 .debug_ranges  0x000000b0       0x18 file.o
 .debug_ranges  0x000000c8       0x70 mmc.o
 .debug_ranges  0x00000138       0x18 LCD_functions.o
 .debug_ranges  0x00000150       0x90 BCD.o
 .debug_ranges  0x000001e0       0x18 /opt/cross/avr/lib/gcc/avr/4.3.3/../../../../avr/lib/avr5/libc.a(sprintf.o)
 .debug_ranges  0x000001f8       0x30 /opt/cross/avr/lib/gcc/avr/4.3.3/../../../../avr/lib/avr5/libc.a(vfprintf_std.o)
 .debug_ranges  0x00000228       0x18 /opt/cross/avr/lib/gcc/avr/4.3.3/../../../../avr/lib/avr5/libc.a(fputc.o)

Cross Reference Table

Symbol                                            File
ADC_init                                          ADC.o
                                                  main.o
ADC_periphery                                     ADC.o
                                                  main.o
ADC_read                                          ADC.o
CHAR2BCD2                                         BCD.o
                                                  ADC.o
CHAR2BCD3                                         BCD.o
                                                  ADC.o
CONTRAST                                          LCD_functions.o
LCD_AllSegments                                   LCD_driver.o
LCD_Clear                                         LCD_functions.o
LCD_Colon                                         LCD_functions.o
LCD_Data                                          LCD_driver.o
LCD_FlashReset                                    LCD_functions.o
LCD_Init                                          LCD_driver.o
                                                  main.o
LCD_UpdateRequired                                LCD_functions.o
LCD_WriteDigit                                    LCD_driver.o
LCD_character_table                               LCD_driver.o
LCD_putc                                          LCD_functions.o
LCD_puts                                          LCD_functions.o
                                                  main.o
LCD_puts_f                                        LCD_functions.o
LIGHT_ADC                                         ADC.o
LIGHT_VOLTAGE                                     ADC.o
LightFunc                                         ADC.o
TEMP_Celsius_neg                                  ADC.o
TEMP_Celsius_pos                                  ADC.o
TEMP_Fahrenheit_pos                               ADC.o
TemperatureFunc                                   ADC.o
VoltageFunc                                       ADC.o
Vref                                              ADC.o
__bad_interrupt                                   /opt/cross/avr/lib/gcc/avr/4.3.3/../../../../avr/lib/avr5/crtm169.o
__bss_end                                         /opt/cross/avr/lib/gcc/avr/4.3.3/avr5/libgcc.a(_clear_bss.o)
__bss_start                                       /opt/cross/avr/lib/gcc/avr/4.3.3/avr5/libgcc.a(_clear_bss.o)
__data_end                                        /opt/cross/avr/lib/gcc/avr/4.3.3/avr5/libgcc.a(_copy_data.o)
__data_load_start                                 /opt/cross/avr/lib/gcc/avr/4.3.3/avr5/libgcc.a(_copy_data.o)
__data_start                                      /opt/cross/avr/lib/gcc/avr/4.3.3/avr5/libgcc.a(_copy_data.o)
__do_clear_bss                                    /opt/cross/avr/lib/gcc/avr/4.3.3/avr5/libgcc.a(_clear_bss.o)
                                                  /opt/cross/avr/lib/gcc/avr/4.3.3/../../../../avr/lib/avr5/libc.a(fputc.o)
                                                  /opt/cross/avr/lib/gcc/avr/4.3.3/../../../../avr/lib/avr5/libc.a(vfprintf_std.o)
                                                  /opt/cross/avr/lib/gcc/avr/4.3.3/../../../../avr/lib/avr5/libc.a(sprintf.o)
                                                  ADC.o
                                                  BCD.o
                                                  LCD_driver.o
                                                  LCD_functions.o
                                                  usart.o
                                                  mmc.o
                                                  fat.o
                                                  file.o
                                                  rtc.o
                                                  led.o
                                                  speed.o
                                                  main.o
__do_copy_data                                    /opt/cross/avr/lib/gcc/avr/4.3.3/avr5/libgcc.a(_copy_data.o)
                                                  /opt/cross/avr/lib/gcc/avr/4.3.3/../../../../avr/lib/avr5/libc.a(fputc.o)
                                                  /opt/cross/avr/lib/gcc/avr/4.3.3/../../../../avr/lib/avr5/libc.a(vfprintf_std.o)
                                                  /opt/cross/avr/lib/gcc/avr/4.3.3/../../../../avr/lib/avr5/libc.a(sprintf.o)
                                                  ADC.o
                                                  BCD.o
                                                  LCD_driver.o
                                                  LCD_functions.o
                                                  usart.o
                                                  mmc.o
                                                  fat.o
                                                  file.o
                                                  rtc.o
                                                  led.o
                                                  speed.o
                                                  main.o
__epilogue_restores__                             /opt/cross/avr/lib/gcc/avr/4.3.3/avr5/libgcc.a(_epilogue.o)
                                                  /opt/cross/avr/lib/gcc/avr/4.3.3/../../../../avr/lib/avr5/libc.a(vfprintf_std.o)
                                                  /opt/cross/avr/lib/gcc/avr/4.3.3/../../../../avr/lib/avr5/libc.a(sprintf.o)
__heap_end                                        /opt/cross/avr/lib/gcc/avr/4.3.3/../../../../avr/lib/avr5/crtm169.o
__init                                            /opt/cross/avr/lib/gcc/avr/4.3.3/../../../../avr/lib/avr5/crtm169.o
__mulsi3                                          /opt/cross/avr/lib/gcc/avr/4.3.3/avr5/libgcc.a(_mulsi3.o)
                                                  fat.o
                                                  main.o
__prologue_saves__                                /opt/cross/avr/lib/gcc/avr/4.3.3/avr5/libgcc.a(_prologue.o)
                                                  /opt/cross/avr/lib/gcc/avr/4.3.3/../../../../avr/lib/avr5/libc.a(vfprintf_std.o)
                                                  /opt/cross/avr/lib/gcc/avr/4.3.3/../../../../avr/lib/avr5/libc.a(sprintf.o)
__stack                                           /opt/cross/avr/lib/gcc/avr/4.3.3/../../../../avr/lib/avr5/crtm169.o
__udivmodhi4                                      /opt/cross/avr/lib/gcc/avr/4.3.3/avr5/libgcc.a(_udivmodhi4.o)
                                                  BCD.o
__udivmodsi4                                      /opt/cross/avr/lib/gcc/avr/4.3.3/avr5/libgcc.a(_udivmodsi4.o)
                                                  fat.o
__ultoa_invert                                    /opt/cross/avr/lib/gcc/avr/4.3.3/../../../../avr/lib/avr5/libc.a(ultoa_invert.o)
                                                  /opt/cross/avr/lib/gcc/avr/4.3.3/../../../../avr/lib/avr5/libc.a(vfprintf_std.o)
__vector_1                                        /opt/cross/avr/lib/gcc/avr/4.3.3/../../../../avr/lib/avr5/crtm169.o
__vector_10                                       /opt/cross/avr/lib/gcc/avr/4.3.3/../../../../avr/lib/avr5/crtm169.o
__vector_11                                       /opt/cross/avr/lib/gcc/avr/4.3.3/../../../../avr/lib/avr5/crtm169.o
__vector_12                                       /opt/cross/avr/lib/gcc/avr/4.3.3/../../../../avr/lib/avr5/crtm169.o
__vector_13                                       /opt/cross/avr/lib/gcc/avr/4.3.3/../../../../avr/lib/avr5/crtm169.o
__vector_14                                       /opt/cross/avr/lib/gcc/avr/4.3.3/../../../../avr/lib/avr5/crtm169.o
__vector_15                                       /opt/cross/avr/lib/gcc/avr/4.3.3/../../../../avr/lib/avr5/crtm169.o
__vector_16                                       /opt/cross/avr/lib/gcc/avr/4.3.3/../../../../avr/lib/avr5/crtm169.o
__vector_17                                       /opt/cross/avr/lib/gcc/avr/4.3.3/../../../../avr/lib/avr5/crtm169.o
__vector_18                                       /opt/cross/avr/lib/gcc/avr/4.3.3/../../../../avr/lib/avr5/crtm169.o
__vector_19                                       /opt/cross/avr/lib/gcc/avr/4.3.3/../../../../avr/lib/avr5/crtm169.o
__vector_2                                        speed.o
                                                  /opt/cross/avr/lib/gcc/avr/4.3.3/../../../../avr/lib/avr5/crtm169.o
__vector_20                                       /opt/cross/avr/lib/gcc/avr/4.3.3/../../../../avr/lib/avr5/crtm169.o
__vector_21                                       /opt/cross/avr/lib/gcc/avr/4.3.3/../../../../avr/lib/avr5/crtm169.o
__vector_22                                       LCD_driver.o
                                                  /opt/cross/avr/lib/gcc/avr/4.3.3/../../../../avr/lib/avr5/crtm169.o
__vector_3                                        /opt/cross/avr/lib/gcc/avr/4.3.3/../../../../avr/lib/avr5/crtm169.o
__vector_4                                        /opt/cross/avr/lib/gcc/avr/4.3.3/../../../../avr/lib/avr5/crtm169.o
__vector_5                                        rtc.o
                                                  /opt/cross/avr/lib/gcc/avr/4.3.3/../../../../avr/lib/avr5/crtm169.o
__vector_6                                        /opt/cross/avr/lib/gcc/avr/4.3.3/../../../../avr/lib/avr5/crtm169.o
__vector_7                                        /opt/cross/avr/lib/gcc/avr/4.3.3/../../../../avr/lib/avr5/crtm169.o
__vector_8                                        /opt/cross/avr/lib/gcc/avr/4.3.3/../../../../avr/lib/avr5/crtm169.o
__vector_9                                        /opt/cross/avr/lib/gcc/avr/4.3.3/../../../../avr/lib/avr5/crtm169.o
__vector_default                                  /opt/cross/avr/lib/gcc/avr/4.3.3/../../../../avr/lib/avr5/crtm169.o
__vectors                                         /opt/cross/avr/lib/gcc/avr/4.3.3/../../../../avr/lib/avr5/crtm169.o
_exit                                             /opt/cross/avr/lib/gcc/avr/4.3.3/avr5/libgcc.a(_exit.o)
bootlodrinfo                                      main.o
card_type                                         mmc.o
config_file                                       main.o
convertBCD                                        BCD.o
counter0                                          speed.o
                                                  rtc.o
counter1                                          speed.o
                                                  rtc.o
counter2                                          speed.o
                                                  rtc.o
data_log_file                                     main.o
debug                                             led.o
degree                                            ADC.o
disable_jtag                                      main.o
exit                                              /opt/cross/avr/lib/gcc/avr/4.3.3/avr5/libgcc.a(_exit.o)
                                                  /opt/cross/avr/lib/gcc/avr/4.3.3/../../../../avr/lib/avr5/crtm169.o
fat                                               fat.o
                                                  file.o
fat_clustToSec                                    fat.o
                                                  file.o
fat_delClusterChain                               fat.o
fat_getFatChainClustersInRow                      fat.o
                                                  file.o
fat_getFreeClustersInRow                          fat.o
                                                  file.o
fat_getFreeRowOfDir                               fat.o
fat_getNextCluster                                fat.o
                                                  file.o
fat_loadFatData                                   fat.o
                                                  main.o
fat_loadFileDataFromDir                           fat.o
                                                  file.o
fat_loadRowOfSector                               fat.o
fat_loadSector                                    fat.o
                                                  file.o
fat_makeFileEntry                                 fat.o
                                                  file.o
fat_makeRowDataEntry                              fat.o
                                                  file.o
fat_secToClust                                    fat.o
                                                  file.o
fat_setCluster                                    fat.o
fat_setClusterChain                               fat.o
                                                  file.o
fat_writeSector                                   fat.o
                                                  file.o
ffclose                                           file.o
                                                  main.o
ffopen                                            file.o
                                                  main.o
ffread                                            file.o
                                                  main.o
ffseek                                            file.o
                                                  main.o
ffwrite                                           file.o
ffwrites                                          file.o
                                                  main.o
file                                              fat.o
                                                  file.o
                                                  main.o
fputc                                             /opt/cross/avr/lib/gcc/avr/4.3.3/../../../../avr/lib/avr5/libc.a(fputc.o)
                                                  /opt/cross/avr/lib/gcc/avr/4.3.3/../../../../avr/lib/avr5/libc.a(vfprintf_std.o)
gAutoPressJoystick                                main.o
gColon                                            LCD_driver.o
                                                  LCD_functions.o
gFlashTimer                                       LCD_driver.o
                                                  LCD_functions.o
gLCD_Start_Scroll_Timer                           LCD_driver.o
                                                  LCD_functions.o
gLCD_Update_Required                              LCD_driver.o
                                                  LCD_functions.o
gScroll                                           LCD_driver.o
                                                  LCD_functions.o
gScrollMode                                       LCD_driver.o
                                                  LCD_functions.o
gTextBuffer                                       LCD_driver.o
                                                  LCD_functions.o
green_off                                         led.o
                                                  main.o
green_on                                          led.o
                                                  main.o
int2BCD5                                          BCD.o
last0                                             speed.o
                                                  rtc.o
last1                                             speed.o
                                                  rtc.o
last2                                             speed.o
                                                  rtc.o
led_init                                          led.o
                                                  main.o
lights_on                                         led.o
                                                  main.o
main                                              main.o
                                                  /opt/cross/avr/lib/gcc/avr/4.3.3/../../../../avr/lib/avr5/crtm169.o
mmc_init                                          mmc.o
                                                  main.o
mmc_read_sector                                   mmc.o
                                                  fat.o
mmc_write_sector                                  mmc.o
                                                  fat.o
                                                  file.o
ppi0                                              speed.o
                                                  rtc.o
                                                  main.o
ppi1                                              speed.o
                                                  rtc.o
                                                  main.o
ppi2                                              speed.o
                                                  rtc.o
                                                  main.o
pt                                                fat.o
                                                  file.o
                                                  main.o
real_log_interval                                 main.o
red_off                                           led.o
                                                  fat.o
                                                  main.o
red_on                                            led.o
                                                  fat.o
                                                  main.o
rtc_init                                          rtc.o
                                                  main.o
seconds                                           rtc.o
                                                  main.o
silence                                           rtc.o
speed_init                                        speed.o
                                                  main.o
sprintf                                           /opt/cross/avr/lib/gcc/avr/4.3.3/../../../../avr/lib/avr5/libc.a(sprintf.o)
                                                  main.o
state                                             main.o
strcpy                                            /opt/cross/avr/lib/gcc/avr/4.3.3/../../../../avr/lib/avr5/libc.a(strcpy.o)
                                                  file.o
strncmp                                           /opt/cross/avr/lib/gcc/avr/4.3.3/../../../../avr/lib/avr5/libc.a(strncmp.o)
                                                  fat.o
strnlen                                           /opt/cross/avr/lib/gcc/avr/4.3.3/../../../../avr/lib/avr5/libc.a(strnlen.o)
                                                  /opt/cross/avr/lib/gcc/avr/4.3.3/../../../../avr/lib/avr5/libc.a(vfprintf_std.o)
strnlen_P                                         /opt/cross/avr/lib/gcc/avr/4.3.3/../../../../avr/lib/avr5/libc.a(strnlen_P.o)
                                                  /opt/cross/avr/lib/gcc/avr/4.3.3/../../../../avr/lib/avr5/libc.a(vfprintf_std.o)
uart_getchar                                      usart.o
uart_init                                         usart.o
uart_putchar                                      usart.o
unit                                              BCD.o
usart_9600_1mhz                                   usart.o
usart_9600_7mhz                                   usart.o
usart_9600_8mhz                                   usart.o
vfprintf                                          /opt/cross/avr/lib/gcc/avr/4.3.3/../../../../avr/lib/avr5/libc.a(vfprintf_std.o)
                                                  /opt/cross/avr/lib/gcc/avr/4.3.3/../../../../avr/lib/avr5/libc.a(sprintf.o)
yellow_off                                        led.o
yellow_on                                         led.o
